../GUI files/stm32746g_discovery.c:161:10:BSP_GetVersion	4	static
../GUI files/stm32746g_discovery.c:173:6:BSP_LED_Init	48	static
../GUI files/stm32746g_discovery.c:205:6:BSP_LED_DeInit	40	static
../GUI files/stm32746g_discovery.c:228:6:BSP_LED_On	24	static
../GUI files/stm32746g_discovery.c:246:6:BSP_LED_Off	24	static
../GUI files/stm32746g_discovery.c:264:6:BSP_LED_Toggle	24	static
../GUI files/stm32746g_discovery.c:292:6:BSP_PB_Init	48	static
../GUI files/stm32746g_discovery.c:346:6:BSP_PB_DeInit	40	static
../GUI files/stm32746g_discovery.c:368:10:BSP_PB_GetState	16	static
../GUI files/stm32746g_discovery.c:384:6:BSP_COM_Init	48	static
../GUI files/stm32746g_discovery.c:424:6:BSP_COM_DeInit	16	static
../GUI files/stm32746g_discovery.c:450:13:I2Cx_MspInit	56	static
../GUI files/stm32746g_discovery.c:537:13:I2Cx_Init	16	static
../GUI files/stm32746g_discovery.c:575:26:I2Cx_ReadMultiple	48	static
../GUI files/stm32746g_discovery.c:605:26:I2Cx_WriteMultiple	48	static
../GUI files/stm32746g_discovery.c:633:26:I2Cx_IsDeviceReady	24	static
../GUI files/stm32746g_discovery.c:644:13:I2Cx_Error	16	static
../GUI files/stm32746g_discovery.c:663:6:AUDIO_IO_Init	8	static
../GUI files/stm32746g_discovery.c:672:6:AUDIO_IO_DeInit	4	static
../GUI files/stm32746g_discovery.c:683:6:AUDIO_IO_Write	32	static
../GUI files/stm32746g_discovery.c:700:10:AUDIO_IO_Read	32	static
../GUI files/stm32746g_discovery.c:720:6:AUDIO_IO_Delay	16	static
../GUI files/stm32746g_discovery.c:731:6:CAMERA_IO_Init	8	static
../GUI files/stm32746g_discovery.c:743:6:CAMERA_IO_Write	24	static
../GUI files/stm32746g_discovery.c:754:9:CAMERA_IO_Read	32	static
../GUI files/stm32746g_discovery.c:768:6:CAMERA_Delay	16	static
../GUI files/stm32746g_discovery.c:779:6:EEPROM_IO_Init	8	static
../GUI files/stm32746g_discovery.c:792:19:EEPROM_IO_WriteData	32	static
../GUI files/stm32746g_discovery.c:805:19:EEPROM_IO_ReadData	32	static
../GUI files/stm32746g_discovery.c:817:19:EEPROM_IO_IsDeviceReady	16	static
../GUI files/stm32746g_discovery.c:828:6:TS_IO_Init	8	static
../GUI files/stm32746g_discovery.c:840:6:TS_IO_Write	24	static
../GUI files/stm32746g_discovery.c:851:9:TS_IO_Read	32	static
../GUI files/stm32746g_discovery.c:865:6:TS_IO_Delay	16	static
