../Core/Src/stm32f7xx_hal_msp.c:67:6:HAL_MspInit	16	static
../Core/Src/stm32f7xx_hal_msp.c:89:6:HAL_ADC_MspInit	48	static
../Core/Src/stm32f7xx_hal_msp.c:144:6:HAL_ADC_MspDeInit	16	static
../Core/Src/stm32f7xx_hal_msp.c:177:6:HAL_CRC_MspInit	24	static
../Core/Src/stm32f7xx_hal_msp.c:199:6:HAL_CRC_MspDeInit	16	static
../Core/Src/stm32f7xx_hal_msp.c:221:6:HAL_DMA2D_MspInit	24	static
../Core/Src/stm32f7xx_hal_msp.c:243:6:HAL_DMA2D_MspDeInit	16	static
../Core/Src/stm32f7xx_hal_msp.c:265:6:HAL_LTDC_MspInit	216	static
../Core/Src/stm32f7xx_hal_msp.c:423:6:HAL_LTDC_MspDeInit	16	static
../Core/Src/stm32f7xx_hal_msp.c:497:6:HAL_TIM_Base_MspInit	24	static
../Core/Src/stm32f7xx_hal_msp.c:516:6:HAL_TIM_MspPostInit	40	static
../Core/Src/stm32f7xx_hal_msp.c:548:6:HAL_TIM_Base_MspDeInit	16	static
../Core/Src/stm32f7xx_hal_msp.c:573:6:HAL_UART_MspInit	176	static
../Core/Src/stm32f7xx_hal_msp.c:620:6:HAL_UART_MspDeInit	16	static
../Core/Src/stm32f7xx_hal_msp.c:645:13:HAL_FMC_MspInit	32	static
../Core/Src/stm32f7xx_hal_msp.c:746:6:HAL_SDRAM_MspInit	16	static
../Core/Src/stm32f7xx_hal_msp.c:758:13:HAL_FMC_MspDeInit	8	static
../Core/Src/stm32f7xx_hal_msp.c:827:6:HAL_SDRAM_MspDeInit	16	static
